а	а
б	бэ
в	вэ
г	г
д	д
е	е
ё	ё
ж	ж
з	з
и	и
й	икра+ткое
к	ка
л	л
м	м
н	н
о	о
п	п
р	р
с	эс
т	т
у	у
ф	ф
х	х
ц	ц
ч	ч
ш	ш
щ	щ
ъ	твё+рдыйзна+к
ы	ы
ь	мя+хькийзна+к
э	э
ю	ю
я	я
А	а
Б	бэ
В	вэ
Г	г
Д	д
Е	е
Ё ё
Ж	ж
З	з
И	и
Й	икра+ткое
К	ка
Л	л
М	м
Н	н
О	о
П	п
Р	р
С	эс
Т	т
У	у
Ф	ф
Х	х
Ц	ц
Ч	ч
Ш	ш
Щ	щ
Ъ	твё+рдыйзна+к
Ы	ы
Ь	мя+хькийзна+к
Э	э
Ю	ю
Я	я
1	1
2	2
3	3
4	4
5	5
6	6
7	7
8	8
9	9
0	0
dollar	до+ллар
pound	решё+тка
at	соба+ка
exclamation восклица+тельный-зна+к
slash 	слэ+ш
percent	проце+нт
caret	до+мик
ampersand	амперса+нд
star	звезда+
dash	тирэ+
underscore	подчё+ркивание
plus	плю+с
equals	равно+
backslash	бэкслэ+ш
pipe	вертика+льная-черта+
period	то+чка
comma	запята+я
semi	то+чка-с-запято+й
colon	двоето+чие
apostrophe	апо+строф
quotes	кавы+чка
questionmark	вопроси+тельный-зна+к
backquote	одина+рная-кавы+чка
tilde	ти+льда
leftparen	кру+глая-ско+бка-откры+ть
rightparen	кру+глая-ско+бка-закры+ть
leftbracket	квадра+тная-ско+бка-откры+ть
rightbracket	квадра+тная-ско+бка-закры+ть
leftbrace	фигу+рная-ско+бка-откры+ть
rightbrace	фигу+рная-ско+бка-закры+ть
lessthan	ме+ньше
greaterthan	бо+льше
space	пробе+л
tab	табуля+ция
newline	перево+д-строки+
dot	то+чка
