а	а
б	бэ
в	вэ
г	г
д	д
е	е
ж	ж
з	з
и	и
й	икра+ткое
к	ка
л	л
м	м
н	н
о	о
п	п
р	р
с	эс
т	т
у	у
ф	ф
х	х
ц	ц
ч	ч
ш	ш
щ	щ
ъ	тве=рдыйзна+к
ы	ы
ь	мя=гкийзна+к
э	э
ю	ю
я	я
А	а
Б	бэ
В	вэ
Г	г
Д	д
Е	е
Ж	ж
З	з
И	и
Й	икра+ткое
К	ка
Л	л
М	м
Н	н
О	о
П	п
Р	р
С	эс
Т	т
У	у
Ф	ф
Х	х
Ц	ц
Ч	ч
Ш	ш
Щ	щ
Ъ	тве=рдыйзна+к
Ы	ы
Ь	мя=гкийзна+к
Э	э
Ю	ю
Я	я
1	1
2	2
3	3
4	4
5	5
6	6
7	7
8	8
9	9
0	0
dollar	до+ллар
pound	решо+тка
at	соба+ка
exclamation восклица=тельныйзна+к
slash 	слэш
percent	проце+нт
caret	до+мик
ampersand	амперса+нд
star	звезда+
dash	тирэ+
underscore	подчо+ркивание
plus	плюс
equals	равно+
backslash	бэкслэ+ш
pipe	вертика=льнаячерта+
period	то+чка
comma	запята+я
semi	то=чкасзапято+й
colon	двоето+чие
apostrophe	апо+строф
quotes	кавы+чка
questionmark	вопроси=тельныйзна+к
backquote	одина=рнаякавы+чка
tilde	ти+льда
leftparen	кру=глаяскобкаоткры+ть
rightparen	кру=глаяскобказакры+ть
leftbracket	квадра=тнаяскобкаоткры+ть
rightbracket	квадра=тнаяскобказакры+ть
leftbrace	фигу=рнаяскобкаоткры+ть
rightbrace	фигу=рнаяскобказакры+ть
lessthan	ме+ньше
greaterthan	бо+льше
space	пробе+л
tab	табуля+ция
newline	перево=дстроки+
dot	то+чка
